\BOOKMARK [1][-]{section.1}{\376\377\000I\000n\000t\000r\000o\000d\000u\000c\000t\000i\000o\000n\000\040\000a\000n\000d\000\040\000S\000c\000i\000e\000n\000t\000i\000f\000i\000c\000\040\000B\000a\000c\000k\000g\000r\000o\000u\000n\000d}{}% 1
\BOOKMARK [2][-]{subsection.1.1}{\376\377\000P\000h\000y\000s\000i\000c\000a\000l\000\040\000M\000o\000t\000i\000v\000a\000t\000i\000o\000n}{section.1}% 2
\BOOKMARK [3][-]{subsubsection.1.1.1}{\376\377\000K\000e\000y\000\040\000P\000h\000y\000s\000i\000c\000a\000l\000\040\000P\000r\000o\000c\000e\000s\000s\000e\000s}{subsection.1.1}% 3
\BOOKMARK [2][-]{subsection.1.2}{\376\377\000G\000G\000L\0009\0000\000\040\000v\000s\000.\000\040\000K\000P\000P\000:\000\040\000A\000\040\000C\000o\000m\000p\000a\000r\000i\000s\000o\000n}{section.1}% 4
\BOOKMARK [3][-]{subsubsection.1.2.1}{\376\377\000W\000h\000e\000n\000\040\000t\000o\000\040\000U\000s\000e\000\040\000G\000G\000L\0009\0000}{subsection.1.2}% 5
\BOOKMARK [3][-]{subsubsection.1.2.2}{\376\377\000W\000h\000e\000n\000\040\000t\000o\000\040\000U\000s\000e\000\040\000K\000P\000P}{subsection.1.2}% 6
\BOOKMARK [2][-]{subsection.1.3}{\376\377\000K\000e\000y\000\040\000E\000q\000u\000a\000t\000i\000o\000n\000s\000\040\000O\000v\000e\000r\000v\000i\000e\000w}{section.1}% 7
\BOOKMARK [3][-]{subsubsection.1.3.1}{\376\377\000T\000K\000E\000\040\000E\000v\000o\000l\000u\000t\000i\000o\000n\000\040\000E\000q\000u\000a\000t\000i\000o\000n}{subsection.1.3}% 8
\BOOKMARK [3][-]{subsubsection.1.3.2}{\376\377\000E\000d\000d\000y\000\040\000V\000i\000s\000c\000o\000s\000i\000t\000y\000\040\000a\000n\000d\000\040\000D\000i\000f\000f\000u\000s\000i\000v\000i\000t\000y}{subsection.1.3}% 9
\BOOKMARK [3][-]{subsubsection.1.3.3}{\376\377\000M\000i\000x\000i\000n\000g\000\040\000L\000e\000n\000g\000t\000h}{subsection.1.3}% 10
\BOOKMARK [3][-]{subsubsection.1.3.4}{\376\377\000B\000o\000u\000n\000d\000a\000r\000y\000\040\000C\000o\000n\000d\000i\000t\000i\000o\000n\000s}{subsection.1.3}% 11
\BOOKMARK [1][-]{section.2}{\376\377\000P\000a\000c\000k\000a\000g\000e\000\040\000A\000r\000c\000h\000i\000t\000e\000c\000t\000u\000r\000e\000\040\000a\000n\000d\000\040\000C\000a\000l\000l\000\040\000F\000l\000o\000w}{}% 12
\BOOKMARK [2][-]{subsection.2.1}{\376\377\000P\000a\000c\000k\000a\000g\000e\000\040\000I\000n\000i\000t\000i\000a\000l\000i\000z\000a\000t\000i\000o\000n\000\040\000S\000e\000q\000u\000e\000n\000c\000e}{section.2}% 13
\BOOKMARK [3][-]{subsubsection.2.1.1}{\376\377\000P\000h\000a\000s\000e\000\040\0001\000:\000\040\000F\000i\000x\000e\000d\000\040\000I\000n\000i\000t\000i\000a\000l\000i\000z\000a\000t\000i\000o\000n\000\040\000\050\000G\000G\000L\0009\0000\000\137\000I\000N\000I\000T\000\137\000F\000I\000X\000E\000D\000\051}{subsection.2.1}% 14
\BOOKMARK [3][-]{subsubsection.2.1.2}{\376\377\000P\000h\000a\000s\000e\000\040\0002\000:\000\040\000V\000a\000r\000i\000a\000b\000l\000e\000\040\000I\000n\000i\000t\000i\000a\000l\000i\000z\000a\000t\000i\000o\000n\000\040\000\050\000G\000G\000L\0009\0000\000\137\000I\000N\000I\000T\000\137\000V\000A\000R\000I\000A\000\051}{subsection.2.1}% 15
\BOOKMARK [2][-]{subsection.2.2}{\376\377\000P\000e\000r\000-\000T\000i\000m\000e\000s\000t\000e\000p\000\040\000E\000x\000e\000c\000u\000t\000i\000o\000n\000\040\000F\000l\000o\000w}{section.2}% 16
\BOOKMARK [3][-]{subsubsection.2.2.1}{\376\377\000M\000a\000i\000n\000\040\000D\000r\000i\000v\000e\000r\000:\000\040\000G\000G\000L\0009\0000\000\137\000C\000A\000L\000C}{subsection.2.2}% 17
\BOOKMARK [2][-]{subsection.2.3}{\376\377\000F\000i\000l\000e\000\040\000O\000r\000g\000a\000n\000i\000z\000a\000t\000i\000o\000n}{section.2}% 18
\BOOKMARK [3][-]{subsubsection.2.3.1}{\376\377\000F\000i\000l\000e\000\040\000I\000n\000t\000e\000r\000d\000e\000p\000e\000n\000d\000e\000n\000c\000i\000e\000s}{subsection.2.3}% 19
\BOOKMARK [3][-]{subsubsection.2.3.2}{\376\377\000O\000p\000t\000i\000o\000n\000a\000l\000\040\000F\000e\000a\000t\000u\000r\000e\000\040\000C\000o\000m\000p\000i\000l\000a\000t\000i\000o\000n}{subsection.2.3}% 20
\BOOKMARK [1][-]{section.3}{\376\377\000P\000a\000r\000a\000m\000e\000t\000e\000r\000\040\000I\000n\000i\000t\000i\000a\000l\000i\000z\000a\000t\000i\000o\000n}{}% 21
\BOOKMARK [2][-]{subsection.3.1}{\376\377\000C\000o\000r\000e\000\040\000P\000h\000y\000s\000i\000c\000s\000\040\000P\000a\000r\000a\000m\000e\000t\000e\000r\000s}{section.3}% 22
\BOOKMARK [3][-]{subsubsection.3.1.1}{\376\377\000P\000h\000y\000s\000i\000c\000a\000l\000\040\000I\000n\000t\000e\000r\000p\000r\000e\000t\000a\000t\000i\000o\000n}{subsection.3.1}% 23
\BOOKMARK [2][-]{subsection.3.2}{\376\377\000M\000i\000x\000i\000n\000g\000\040\000L\000e\000n\000g\000t\000h\000\040\000C\000o\000n\000t\000r\000o\000l\000\040\000P\000a\000r\000a\000m\000e\000t\000e\000r\000s}{section.3}% 24
\BOOKMARK [2][-]{subsection.3.3}{\376\377\000N\000u\000m\000e\000r\000i\000c\000a\000l\000\040\000a\000n\000d\000\040\000I\000/\000O\000\040\000P\000a\000r\000a\000m\000e\000t\000e\000r\000s}{section.3}% 25
\BOOKMARK [2][-]{subsection.3.4}{\376\377\000E\000x\000a\000m\000p\000l\000e\000\040\000P\000a\000r\000a\000m\000e\000t\000e\000r\000\040\000F\000i\000l\000e}{section.3}% 26
\BOOKMARK [2][-]{subsection.3.5}{\376\377\000A\000p\000p\000l\000i\000c\000a\000t\000i\000o\000n\000-\000S\000p\000e\000c\000i\000f\000i\000c\000\040\000C\000o\000n\000f\000i\000g\000u\000r\000a\000t\000i\000o\000n\000s}{section.3}% 27
\BOOKMARK [2][-]{subsection.3.6}{\376\377\000P\000a\000r\000a\000m\000e\000t\000e\000r\000\040\000V\000a\000l\000i\000d\000a\000t\000i\000o\000n}{section.3}% 28
\BOOKMARK [1][-]{section.4}{\376\377\000M\000a\000i\000n\000\040\000D\000r\000i\000v\000e\000r\000:\000\040\000G\000G\000L\0009\0000\000\137\000C\000A\000L\000C}{}% 29
\BOOKMARK [2][-]{subsection.4.1}{\376\377\000S\000u\000b\000r\000o\000u\000t\000i\000n\000e\000\040\000S\000i\000g\000n\000a\000t\000u\000r\000e\000\040\000a\000n\000d\000\040\000I\000n\000p\000u\000t\000\040\000P\000a\000r\000a\000m\000e\000t\000e\000r\000s}{section.4}% 30
\BOOKMARK [2][-]{subsection.4.2}{\376\377\000C\000o\000o\000r\000d\000i\000n\000a\000t\000e\000\040\000S\000y\000s\000t\000e\000m\000\040\000H\000a\000n\000d\000l\000i\000n\000g}{section.4}% 31
\BOOKMARK [2][-]{subsection.4.3}{\376\377\000I\000n\000i\000t\000i\000a\000l\000i\000z\000a\000t\000i\000o\000n\000\040\000o\000f\000\040\000L\000o\000c\000a\000l\000\040\000A\000r\000r\000a\000y\000s}{section.4}% 32
\BOOKMARK [2][-]{subsection.4.4}{\376\377\000I\000n\000t\000e\000r\000f\000a\000c\000e\000\040\000T\000h\000i\000c\000k\000n\000e\000s\000s\000\040\000F\000a\000c\000t\000o\000r\000s}{section.4}% 33
\BOOKMARK [2][-]{subsection.4.5}{\376\377\000S\000t\000e\000p\000-\000b\000y\000-\000S\000t\000e\000p\000\040\000E\000x\000e\000c\000u\000t\000i\000o\000n\000\040\000S\000u\000m\000m\000a\000r\000y}{section.4}% 34
\BOOKMARK [1][-]{section.5}{\376\377\000S\000t\000r\000a\000t\000i\000f\000i\000c\000a\000t\000i\000o\000n\000\040\000a\000n\000d\000\040\000S\000h\000e\000a\000r\000\040\000C\000o\000m\000p\000u\000t\000a\000t\000i\000o\000n}{}% 35
\BOOKMARK [2][-]{subsection.5.1}{\376\377\000B\000u\000o\000y\000a\000n\000c\000y\000\040\000F\000r\000e\000q\000u\000e\000n\000c\000y\000\040\000S\000q\000u\000a\000r\000e\000d\000\040\000\050\000N\0002\000\051}{section.5}% 36
\BOOKMARK [3][-]{subsubsection.5.1.1}{\376\377\000I\000m\000p\000l\000e\000m\000e\000n\000t\000a\000t\000i\000o\000n}{subsection.5.1}% 37
\BOOKMARK [3][-]{subsubsection.5.1.2}{\376\377\000P\000h\000y\000s\000i\000c\000a\000l\000\040\000I\000n\000t\000e\000r\000p\000r\000e\000t\000a\000t\000i\000o\000n}{subsection.5.1}% 38
\BOOKMARK [2][-]{subsection.5.2}{\376\377\000V\000e\000r\000t\000i\000c\000a\000l\000\040\000S\000h\000e\000a\000r\000\040\000S\000q\000u\000a\000r\000e\000d\000\040\000\050\000S\0002\000\051}{section.5}% 39
\BOOKMARK [3][-]{subsubsection.5.2.1}{\376\377\000I\000m\000p\000l\000e\000m\000e\000n\000t\000a\000t\000i\000o\000n\000:\000\040\000T\000w\000o\000\040\000M\000e\000t\000h\000o\000d\000s}{subsection.5.2}% 40
\BOOKMARK [3][-]{subsubsection.5.2.2}{\376\377\000P\000h\000y\000s\000i\000c\000a\000l\000\040\000I\000n\000t\000e\000r\000p\000r\000e\000t\000a\000t\000i\000o\000n}{subsection.5.2}% 41
\BOOKMARK [2][-]{subsection.5.3}{\376\377\000S\000u\000r\000f\000a\000c\000e\000\040\000S\000t\000r\000e\000s\000s\000\040\000\050\000u\000*\0002\000\051}{section.5}% 42
\BOOKMARK [3][-]{subsubsection.5.3.1}{\376\377\000I\000m\000p\000l\000e\000m\000e\000n\000t\000a\000t\000i\000o\000n}{subsection.5.3}% 43
\BOOKMARK [1][-]{section.6}{\376\377\000M\000i\000x\000i\000n\000g\000\040\000L\000e\000n\000g\000t\000h\000\040\000C\000o\000m\000p\000u\000t\000a\000t\000i\000o\000n\000:\000\040\000G\000G\000L\0009\0000\000\137\000M\000I\000X\000I\000N\000G\000L\000E\000N\000G\000T\000H}{}% 44
\BOOKMARK [2][-]{subsection.6.1}{\376\377\000I\000n\000i\000t\000i\000a\000l\000\040\000E\000s\000t\000i\000m\000a\000t\000e\000\040\000f\000r\000o\000m\000\040\000G\000a\000s\000p\000a\000r\000\040\000e\000t\000\040\000a\000l\000.\000\040\000\050\0001\0009\0009\0000\000\051}{section.6}% 45
\BOOKMARK [3][-]{subsubsection.6.1.1}{\376\377\000P\000h\000y\000s\000i\000c\000a\000l\000\040\000m\000o\000t\000i\000v\000a\000t\000i\000o\000n}{subsection.6.1}% 46
\BOOKMARK [3][-]{subsubsection.6.1.2}{\376\377\000I\000m\000p\000l\000e\000m\000e\000n\000t\000a\000t\000i\000o\000n\000\040\000i\000n\000\040\000G\000G\000L\0009\0000\000\137\000C\000A\000L\000C}{subsection.6.1}% 47
\BOOKMARK [3][-]{subsubsection.6.1.3}{\376\377\000C\000o\000o\000r\000d\000i\000n\000a\000t\000e\000\040\000t\000r\000a\000n\000s\000f\000o\000r\000m\000a\000t\000i\000o\000n}{subsection.6.1}% 48
\BOOKMARK [3][-]{subsubsection.6.1.4}{\376\377\000T\000y\000p\000i\000c\000a\000l\000\040\000v\000a\000l\000u\000e\000s}{subsection.6.1}% 49
\BOOKMARK [2][-]{subsection.6.2}{\376\377\000M\000e\000t\000h\000o\000d\000\040\0000\000:\000\040\000S\000i\000m\000p\000l\000e\000\040\000D\000i\000s\000t\000a\000n\000c\000e\000\040\000t\000o\000\040\000B\000o\000u\000n\000d\000a\000r\000i\000e\000s}{section.6}% 50
\BOOKMARK [3][-]{subsubsection.6.2.1}{\376\377\000A\000l\000g\000o\000r\000i\000t\000h\000m}{subsection.6.2}% 51
\BOOKMARK [3][-]{subsubsection.6.2.2}{\376\377\000I\000m\000p\000l\000e\000m\000e\000n\000t\000a\000t\000i\000o\000n}{subsection.6.2}% 52
\BOOKMARK [3][-]{subsubsection.6.2.3}{\376\377\000W\000h\000e\000n\000\040\000t\000o\000\040\000u\000s\000e\000\040\000M\000e\000t\000h\000o\000d\000\040\0000}{subsection.6.2}% 53
\BOOKMARK [2][-]{subsection.6.3}{\376\377\000M\000e\000t\000h\000o\000d\000\040\0001\000:\000\040\000O\000n\000e\000-\000W\000a\000y\000\040\000D\000o\000w\000n\000w\000a\000r\000d\000\040\000S\000w\000e\000e\000p}{section.6}% 54
\BOOKMARK [3][-]{subsubsection.6.3.1}{\376\377\000A\000l\000g\000o\000r\000i\000t\000h\000m}{subsection.6.3}% 55
\BOOKMARK [3][-]{subsubsection.6.3.2}{\376\377\000I\000m\000p\000l\000e\000m\000e\000n\000t\000a\000t\000i\000o\000n}{subsection.6.3}% 56
\BOOKMARK [3][-]{subsubsection.6.3.3}{\376\377\000L\000i\000m\000i\000t\000a\000t\000i\000o\000n\000s}{subsection.6.3}% 57
\BOOKMARK [3][-]{subsubsection.6.3.4}{\376\377\000W\000h\000e\000n\000\040\000t\000o\000\040\000u\000s\000e\000\040\000M\000e\000t\000h\000o\000d\000\040\0001}{subsection.6.3}% 58
\BOOKMARK [2][-]{subsection.6.4}{\376\377\000M\000e\000t\000h\000o\000d\000\040\0002\000:\000\040\000T\000w\000o\000-\000W\000a\000y\000\040\000S\000w\000e\000e\000p\000\040\000\050\000B\000l\000a\000n\000k\000e\000\040\000\046\000\040\000D\000e\000l\000e\000c\000l\000u\000s\000e\000\040\0001\0009\0009\0003\000\051}{section.6}% 59
\BOOKMARK [3][-]{subsubsection.6.4.1}{\376\377\000P\000h\000y\000s\000i\000c\000a\000l\000\040\000m\000o\000t\000i\000v\000a\000t\000i\000o\000n}{subsection.6.4}% 60
\BOOKMARK [3][-]{subsubsection.6.4.2}{\376\377\000A\000l\000g\000o\000r\000i\000t\000h\000m\000\040\000o\000v\000e\000r\000v\000i\000e\000w}{subsection.6.4}% 61
\BOOKMARK [3][-]{subsubsection.6.4.3}{\376\377\000I\000m\000p\000l\000e\000m\000e\000n\000t\000a\000t\000i\000o\000n\000\040\000i\000n\000\040\000M\000I\000T\000g\000c\000m}{subsection.6.4}% 62
\BOOKMARK [3][-]{subsubsection.6.4.4}{\376\377\000W\000o\000r\000k\000e\000d\000\040\000e\000x\000a\000m\000p\000l\000e\000:\000\040\000I\000d\000e\000a\000l\000i\000z\000e\000d\000\040\000s\000t\000r\000a\000t\000i\000f\000i\000c\000a\000t\000i\000o\000n}{subsection.6.4}% 63
\BOOKMARK [3][-]{subsubsection.6.4.5}{\376\377\000C\000o\000m\000p\000a\000r\000i\000s\000o\000n\000\040\000o\000f\000\040\000M\000e\000t\000h\000o\000d\000s\000\040\0000\000,\000\040\0001\000,\000\040\000a\000n\000d\000\040\0002}{subsection.6.4}% 64
\BOOKMARK [2][-]{subsection.6.5}{\376\377\000S\000u\000r\000f\000a\000c\000e\000\040\000a\000n\000d\000\040\000B\000o\000t\000t\000o\000m\000\040\000C\000o\000n\000s\000t\000r\000a\000i\000n\000t\000s\000\040\000\050\000m\000x\000l\000S\000u\000r\000f\000F\000l\000a\000g\000\051}{section.6}% 65
\BOOKMARK [3][-]{subsubsection.6.5.1}{\376\377\000P\000u\000r\000p\000o\000s\000e\000\040\000o\000f\000\040\000m\000x\000l\000S\000u\000r\000f\000F\000l\000a\000g}{subsection.6.5}% 66
\BOOKMARK [3][-]{subsubsection.6.5.2}{\376\377\000I\000m\000p\000l\000e\000m\000e\000n\000t\000a\000t\000i\000o\000n}{subsection.6.5}% 67
\BOOKMARK [3][-]{subsubsection.6.5.3}{\376\377\000W\000h\000e\000n\000\040\000t\000o\000\040\000u\000s\000e\000\040\000m\000x\000l\000S\000u\000r\000f\000F\000l\000a\000g}{subsection.6.5}% 68
\BOOKMARK [3][-]{subsubsection.6.5.4}{\376\377\000B\000o\000t\000t\000o\000m\000\040\000b\000o\000u\000n\000d\000a\000r\000y\000\040\000c\000o\000n\000d\000i\000t\000i\000o\000n}{subsection.6.5}% 69
\BOOKMARK [3][-]{subsubsection.6.5.5}{\376\377\000R\000e\000g\000u\000l\000a\000r\000i\000z\000a\000t\000i\000o\000n\000:\000\040\000G\000G\000L\0009\0000\000\137\000R\000E\000G\000U\000L\000A\000R\000I\000Z\000E\000\137\000M\000I\000X\000I\000N\000G\000L\000E\000N\000G\000T\000H}{subsection.6.5}% 70
\BOOKMARK [2][-]{subsection.6.6}{\376\377\000L\000a\000n\000g\000m\000u\000i\000r\000\040\000C\000i\000r\000c\000u\000l\000a\000t\000i\000o\000n\000\040\000E\000n\000h\000a\000n\000c\000e\000m\000e\000n\000t\000\040\000\050\000O\000p\000t\000i\000o\000n\000a\000l\000\051}{section.6}% 71
\BOOKMARK [1][-]{section.7}{\376\377\000T\000K\000E\000\040\000E\000v\000o\000l\000u\000t\000i\000o\000n\000\040\000a\000n\000d\000\040\000B\000u\000d\000g\000e\000t}{}% 72
\BOOKMARK [2][-]{subsection.7.1}{\376\377\000G\000o\000v\000e\000r\000n\000i\000n\000g\000\040\000E\000q\000u\000a\000t\000i\000o\000n}{section.7}% 73
\BOOKMARK [2][-]{subsection.7.2}{\376\377\000P\000r\000o\000d\000u\000c\000t\000i\000o\000n\000\040\000T\000e\000r\000m}{section.7}% 74
\BOOKMARK [3][-]{subsubsection.7.2.1}{\376\377\000V\000e\000r\000t\000i\000c\000a\000l\000\040\000s\000h\000e\000a\000r\000\040\000c\000o\000m\000p\000u\000t\000a\000t\000i\000o\000n}{subsection.7.2}% 75
\BOOKMARK [3][-]{subsubsection.7.2.2}{\376\377\000P\000r\000o\000d\000u\000c\000t\000i\000o\000n\000\040\000t\000e\000r\000m\000\040\000c\000a\000l\000c\000u\000l\000a\000t\000i\000o\000n}{subsection.7.2}% 76
\BOOKMARK [2][-]{subsection.7.3}{\376\377\000B\000u\000o\000y\000a\000n\000c\000y\000\040\000T\000e\000r\000m}{section.7}% 77
\BOOKMARK [3][-]{subsubsection.7.3.1}{\376\377\000S\000i\000g\000n\000\040\000c\000o\000n\000v\000e\000n\000t\000i\000o\000n\000\040\000a\000n\000d\000\040\000p\000h\000y\000s\000i\000c\000a\000l\000\040\000i\000n\000t\000e\000r\000p\000r\000e\000t\000a\000t\000i\000o\000n}{subsection.7.3}% 78
\BOOKMARK [3][-]{subsubsection.7.3.2}{\376\377\000I\000m\000p\000l\000e\000m\000e\000n\000t\000a\000t\000i\000o\000n}{subsection.7.3}% 79
\BOOKMARK [2][-]{subsection.7.4}{\376\377\000D\000i\000s\000s\000i\000p\000a\000t\000i\000o\000n\000\040\000T\000e\000r\000m}{section.7}% 80
\BOOKMARK [3][-]{subsubsection.7.4.1}{\376\377\000P\000h\000y\000s\000i\000c\000a\000l\000\040\000b\000a\000s\000i\000s}{subsection.7.4}% 81
\BOOKMARK [3][-]{subsubsection.7.4.2}{\376\377\000I\000m\000p\000l\000e\000m\000e\000n\000t\000a\000t\000i\000o\000n\000:\000\040\000S\000e\000m\000i\000-\000i\000m\000p\000l\000i\000c\000i\000t\000\040\000t\000i\000m\000e\000\040\000i\000n\000t\000e\000g\000r\000a\000t\000i\000o\000n}{subsection.7.4}% 82
\BOOKMARK [3][-]{subsubsection.7.4.3}{\376\377\000E\000x\000p\000l\000i\000c\000i\000t\000/\000i\000m\000p\000l\000i\000c\000i\000t\000\040\000s\000p\000l\000i\000t\000t\000i\000n\000g}{subsection.7.4}% 83
\BOOKMARK [2][-]{subsection.7.5}{\376\377\000V\000e\000r\000t\000i\000c\000a\000l\000\040\000D\000i\000f\000f\000u\000s\000i\000o\000n\000\040\000o\000f\000\040\000T\000K\000E}{section.7}% 84
\BOOKMARK [3][-]{subsubsection.7.5.1}{\376\377\000D\000i\000f\000f\000u\000s\000i\000v\000i\000t\000y\000\040\000o\000f\000\040\000T\000K\000E\000:\000\040\000e}{subsection.7.5}% 85
\BOOKMARK [3][-]{subsubsection.7.5.2}{\376\377\000I\000m\000p\000l\000i\000c\000i\000t\000\040\000v\000e\000r\000t\000i\000c\000a\000l\000\040\000d\000i\000f\000f\000u\000s\000i\000o\000n\000\040\000s\000o\000l\000v\000e\000r}{subsection.7.5}% 86
\BOOKMARK [3][-]{subsubsection.7.5.3}{\376\377\000T\000r\000i\000d\000i\000a\000g\000o\000n\000a\000l\000\040\000s\000o\000l\000v\000e}{subsection.7.5}% 87
\BOOKMARK [2][-]{subsection.7.6}{\376\377\000T\000i\000m\000e\000\040\000I\000n\000t\000e\000g\000r\000a\000t\000i\000o\000n\000\040\000S\000c\000h\000e\000m\000e\000:\000\040\000O\000p\000e\000r\000a\000t\000o\000r\000\040\000S\000p\000l\000i\000t\000t\000i\000n\000g}{section.7}% 88
\BOOKMARK [3][-]{subsubsection.7.6.1}{\376\377\000T\000i\000m\000e\000\040\000s\000t\000e\000p\000\040\000s\000e\000l\000e\000c\000t\000i\000o\000n}{subsection.7.6}% 89
\BOOKMARK [3][-]{subsubsection.7.6.2}{\376\377\000H\000o\000r\000i\000z\000o\000n\000t\000a\000l\000\040\000d\000i\000f\000f\000u\000s\000i\000o\000n\000\040\000o\000f\000\040\000T\000K\000E\000\040\000\050\000o\000p\000t\000i\000o\000n\000a\000l\000\051}{subsection.7.6}% 90
\BOOKMARK [1][-]{section.8}{\376\377\000E\000d\000d\000y\000\040\000C\000o\000e\000f\000f\000i\000c\000i\000e\000n\000t\000\040\000C\000a\000l\000c\000u\000l\000a\000t\000i\000o\000n}{}% 91
\BOOKMARK [2][-]{subsection.8.1}{\376\377\000E\000d\000d\000y\000\040\000V\000i\000s\000c\000o\000s\000i\000t\000y\000\040\000\050\000m\000\051}{section.8}% 92
\BOOKMARK [3][-]{subsubsection.8.1.1}{\376\377\000T\000h\000e\000o\000r\000e\000t\000i\000c\000a\000l\000\040\000b\000a\000s\000i\000s}{subsection.8.1}% 93
\BOOKMARK [3][-]{subsubsection.8.1.2}{\376\377\000I\000m\000p\000l\000e\000m\000e\000n\000t\000a\000t\000i\000o\000n}{subsection.8.1}% 94
\BOOKMARK [3][-]{subsubsection.8.1.3}{\376\377\000T\000y\000p\000i\000c\000a\000l\000\040\000v\000a\000l\000u\000e\000s}{subsection.8.1}% 95
\BOOKMARK [2][-]{subsection.8.2}{\376\377\000T\000K\000E\000\040\000P\000r\000a\000n\000d\000t\000l\000\040\000N\000u\000m\000b\000e\000r}{section.8}% 96
\BOOKMARK [3][-]{subsubsection.8.2.1}{\376\377\000F\000o\000r\000m\000u\000l\000a\000t\000i\000o\000n\000\040\000a\000s\000\040\000a\000\040\000f\000u\000n\000c\000t\000i\000o\000n\000\040\000o\000f\000\040\000R\000i\000c\000h\000a\000r\000d\000s\000o\000n\000\040\000n\000u\000m\000b\000e\000r}{subsection.8.2}% 97
\BOOKMARK [3][-]{subsubsection.8.2.2}{\376\377\000I\000m\000p\000l\000e\000m\000e\000n\000t\000a\000t\000i\000o\000n}{subsection.8.2}% 98
\BOOKMARK [3][-]{subsubsection.8.2.3}{\376\377\000A\000l\000t\000e\000r\000n\000a\000t\000i\000v\000e\000\040\000f\000o\000r\000m\000u\000l\000a\000t\000i\000o\000n\000\040\000w\000i\000t\000h\000\040\000I\000D\000E\000M\000I\000X}{subsection.8.2}% 99
\BOOKMARK [2][-]{subsection.8.3}{\376\377\000E\000d\000d\000y\000\040\000D\000i\000f\000f\000u\000s\000i\000v\000i\000t\000y\000\040\000\050\000h\000\051}{section.8}% 100
\BOOKMARK [3][-]{subsubsection.8.3.1}{\376\377\000T\000y\000p\000i\000c\000a\000l\000\040\000v\000a\000l\000u\000e\000s}{subsection.8.3}% 101
\BOOKMARK [2][-]{subsection.8.4}{\376\377\000B\000a\000c\000k\000g\000r\000o\000u\000n\000d\000\040\000F\000l\000o\000o\000r\000s\000\040\000a\000n\000d\000\040\000M\000a\000x\000i\000m\000u\000m\000\040\000C\000a\000p\000s}{section.8}% 102
\BOOKMARK [3][-]{subsubsection.8.4.1}{\376\377\000B\000a\000c\000k\000g\000r\000o\000u\000n\000d\000\040\000v\000i\000s\000c\000o\000s\000i\000t\000y}{subsection.8.4}% 103
\BOOKMARK [3][-]{subsubsection.8.4.2}{\376\377\000B\000a\000c\000k\000g\000r\000o\000u\000n\000d\000\040\000d\000i\000f\000f\000u\000s\000i\000v\000i\000t\000y}{subsection.8.4}% 104
\BOOKMARK [3][-]{subsubsection.8.4.3}{\376\377\000C\000o\000o\000r\000d\000i\000n\000a\000t\000e\000\040\000t\000r\000a\000n\000s\000f\000o\000r\000m\000a\000t\000i\000o\000n}{subsection.8.4}% 105
\BOOKMARK [3][-]{subsubsection.8.4.4}{\376\377\000M\000a\000x\000i\000m\000u\000m\000\040\000c\000a\000p\000\040\000\050\000o\000p\000t\000i\000o\000n\000a\000l\000\051}{subsection.8.4}% 106
\BOOKMARK [3][-]{subsubsection.8.4.5}{\376\377\000M\000a\000s\000k\000i\000n\000g\000\040\000a\000t\000\040\000d\000r\000y\000\040\000i\000n\000t\000e\000r\000f\000a\000c\000e\000s}{subsection.8.4}% 107
\BOOKMARK [1][-]{section.9}{\376\377\000B\000o\000u\000n\000d\000a\000r\000y\000\040\000C\000o\000n\000d\000i\000t\000i\000o\000n\000s}{}% 108
\BOOKMARK [2][-]{subsection.9.1}{\376\377\000S\000u\000r\000f\000a\000c\000e\000\040\000B\000o\000u\000n\000d\000a\000r\000y\000\040\000C\000o\000n\000d\000i\000t\000i\000o\000n}{section.9}% 109
\BOOKMARK [3][-]{subsubsection.9.1.1}{\376\377\000P\000h\000y\000s\000i\000c\000a\000l\000\040\000b\000a\000s\000i\000s}{subsection.9.1}% 110
\BOOKMARK [3][-]{subsubsection.9.1.2}{\376\377\000F\000r\000i\000c\000t\000i\000o\000n\000\040\000v\000e\000l\000o\000c\000i\000t\000y\000\040\000c\000a\000l\000c\000u\000l\000a\000t\000i\000o\000n}{subsection.9.1}% 111
\BOOKMARK [3][-]{subsubsection.9.1.3}{\376\377\000A\000p\000p\000l\000i\000c\000a\000t\000i\000o\000n\000\040\000o\000f\000\040\000s\000u\000r\000f\000a\000c\000e\000\040\000b\000o\000u\000n\000d\000a\000r\000y\000\040\000c\000o\000n\000d\000i\000t\000i\000o\000n}{subsection.9.1}% 112
\BOOKMARK [3][-]{subsubsection.9.1.4}{\376\377\000S\000u\000r\000f\000a\000c\000e\000\040\000m\000i\000n\000i\000m\000u\000m\000\040\000T\000K\000E}{subsection.9.1}% 113
\BOOKMARK [2][-]{subsection.9.2}{\376\377\000B\000o\000t\000t\000o\000m\000\040\000B\000o\000u\000n\000d\000a\000r\000y\000\040\000C\000o\000n\000d\000i\000t\000i\000o\000n}{section.9}% 114
\BOOKMARK [3][-]{subsubsection.9.2.1}{\376\377\000D\000i\000r\000i\000c\000h\000l\000e\000t\000\040\000b\000o\000t\000t\000o\000m\000\040\000b\000o\000u\000n\000d\000a\000r\000y\000\040\000c\000o\000n\000d\000i\000t\000i\000o\000n}{subsection.9.2}% 115
\BOOKMARK [3][-]{subsubsection.9.2.2}{\376\377\000N\000e\000u\000m\000a\000n\000n\000\040\000b\000o\000t\000t\000o\000m\000\040\000b\000o\000u\000n\000d\000a\000r\000y\000\040\000c\000o\000n\000d\000i\000t\000i\000o\000n}{subsection.9.2}% 116
\BOOKMARK [3][-]{subsubsection.9.2.3}{\376\377\000C\000h\000o\000i\000c\000e\000\040\000o\000f\000\040\000b\000o\000u\000n\000d\000a\000r\000y\000\040\000c\000o\000n\000d\000i\000t\000i\000o\000n}{subsection.9.2}% 117
\BOOKMARK [2][-]{subsection.9.3}{\376\377\000U\000n\000d\000e\000r\000-\000I\000c\000e\000-\000S\000h\000e\000l\000f\000\040\000T\000r\000e\000a\000t\000m\000e\000n\000t\000\040\000\050\000O\000p\000t\000i\000o\000n\000a\000l\000\051}{section.9}% 118
\BOOKMARK [3][-]{subsubsection.9.3.1}{\376\377\000I\000c\000e\000-\000s\000h\000e\000l\000f\000\040\000d\000r\000a\000g}{subsection.9.3}% 119
\BOOKMARK [3][-]{subsubsection.9.3.2}{\376\377\000S\000u\000r\000f\000a\000c\000e\000\040\000m\000i\000x\000i\000n\000g\000\040\000l\000e\000n\000g\000t\000h\000\040\000a\000d\000j\000u\000s\000t\000m\000e\000n\000t}{subsection.9.3}% 120
\BOOKMARK [3][-]{subsubsection.9.3.3}{\376\377\000W\000h\000e\000n\000\040\000t\000o\000\040\000u\000s\000e\000\040\000i\000c\000e\000-\000s\000h\000e\000l\000f\000\040\000t\000r\000e\000a\000t\000m\000e\000n\000t}{subsection.9.3}% 121
\BOOKMARK [1][-]{section.10}{\376\377\000M\000o\000d\000e\000l\000\040\000I\000n\000t\000e\000r\000f\000a\000c\000e\000\040\000R\000o\000u\000t\000i\000n\000e\000s}{}% 122
\BOOKMARK [2][-]{subsection.10.1}{\376\377\000G\000G\000L\0009\0000\000\137\000C\000A\000L\000C\000\137\000V\000I\000S\000C\000:\000\040\000V\000i\000s\000c\000o\000s\000i\000t\000y\000\040\000T\000r\000a\000n\000s\000f\000e\000r}{section.10}% 123
\BOOKMARK [3][-]{subsubsection.10.1.1}{\376\377\000P\000u\000r\000p\000o\000s\000e}{subsection.10.1}% 124
\BOOKMARK [3][-]{subsubsection.10.1.2}{\376\377\000C\000a\000l\000l\000\040\000s\000i\000g\000n\000a\000t\000u\000r\000e}{subsection.10.1}% 125
\BOOKMARK [3][-]{subsubsection.10.1.3}{\376\377\000I\000m\000p\000l\000e\000m\000e\000n\000t\000a\000t\000i\000o\000n}{subsection.10.1}% 126
\BOOKMARK [3][-]{subsubsection.10.1.4}{\376\377\000L\000o\000c\000a\000t\000i\000o\000n\000\040\000i\000n\000\040\000t\000i\000m\000e\000-\000s\000t\000e\000p\000p\000i\000n\000g\000\040\000s\000e\000q\000u\000e\000n\000c\000e}{subsection.10.1}% 127
\BOOKMARK [2][-]{subsection.10.2}{\376\377\000G\000G\000L\0009\0000\000\137\000C\000A\000L\000C\000\137\000D\000I\000F\000F\000:\000\040\000D\000i\000f\000f\000u\000s\000i\000v\000i\000t\000y\000\040\000T\000r\000a\000n\000s\000f\000e\000r}{section.10}% 128
\BOOKMARK [3][-]{subsubsection.10.2.1}{\376\377\000P\000u\000r\000p\000o\000s\000e}{subsection.10.2}% 129
\BOOKMARK [3][-]{subsubsection.10.2.2}{\376\377\000C\000a\000l\000l\000\040\000s\000i\000g\000n\000a\000t\000u\000r\000e}{subsection.10.2}% 130
\BOOKMARK [3][-]{subsubsection.10.2.3}{\376\377\000I\000m\000p\000l\000e\000m\000e\000n\000t\000a\000t\000i\000o\000n}{subsection.10.2}% 131
\BOOKMARK [2][-]{subsection.10.3}{\376\377\000G\000G\000L\0009\0000\000\137\000E\000X\000C\000H\000A\000N\000G\000E\000S\000:\000\040\000H\000a\000l\000o\000\040\000U\000p\000d\000a\000t\000e\000s}{section.10}% 132
\BOOKMARK [3][-]{subsubsection.10.3.1}{\376\377\000P\000u\000r\000p\000o\000s\000e}{subsection.10.3}% 133
\BOOKMARK [3][-]{subsubsection.10.3.2}{\376\377\000I\000m\000p\000l\000e\000m\000e\000n\000t\000a\000t\000i\000o\000n}{subsection.10.3}% 134
\BOOKMARK [1][-]{section.11}{\376\377\000I\000n\000i\000t\000i\000a\000l\000i\000z\000a\000t\000i\000o\000n\000\040\000a\000n\000d\000\040\000R\000e\000s\000t\000a\000r\000t}{}% 135
\BOOKMARK [2][-]{subsection.11.1}{\376\377\000G\000G\000L\0009\0000\000\137\000R\000E\000A\000D\000P\000A\000R\000M\000S\000:\000\040\000P\000a\000r\000a\000m\000e\000t\000e\000r\000\040\000I\000n\000p\000u\000t}{section.11}% 136
\BOOKMARK [2][-]{subsection.11.2}{\376\377\000G\000G\000L\0009\0000\000\137\000I\000N\000I\000T\000\137\000F\000I\000X\000E\000D\000:\000\040\000T\000i\000m\000e\000-\000I\000n\000v\000a\000r\000i\000a\000n\000t\000\040\000I\000n\000i\000t\000i\000a\000l\000i\000z\000a\000t\000i\000o\000n}{section.11}% 137
\BOOKMARK [2][-]{subsection.11.3}{\376\377\000G\000G\000L\0009\0000\000\137\000I\000N\000I\000T\000\137\000V\000A\000R\000I\000A\000:\000\040\000T\000i\000m\000e\000-\000V\000a\000r\000y\000i\000n\000g\000\040\000F\000i\000e\000l\000d\000\040\000I\000n\000i\000t\000i\000a\000l\000i\000z\000a\000t\000i\000o\000n}{section.11}% 138
\BOOKMARK [2][-]{subsection.11.4}{\376\377\000R\000e\000s\000t\000a\000r\000t\000\040\000F\000i\000l\000e\000s\000:\000\040\000G\000G\000L\0009\0000\000\137\000R\000E\000A\000D\000/\000W\000R\000I\000T\000E\000\137\000P\000I\000C\000K\000U\000P}{section.11}% 139
\BOOKMARK [1][-]{section.12}{\376\377\000C\000o\000m\000p\000i\000l\000e\000-\000T\000i\000m\000e\000\040\000O\000p\000t\000i\000o\000n\000s}{}% 140
\BOOKMARK [2][-]{subsection.12.1}{\376\377\000C\000o\000r\000e\000\040\000O\000p\000t\000i\000o\000n\000s}{section.12}% 141
\BOOKMARK [2][-]{subsection.12.2}{\376\377\000O\000p\000t\000i\000o\000n\000a\000l\000\040\000F\000e\000a\000t\000u\000r\000e\000\040\000F\000l\000a\000g\000s}{section.12}% 142
\BOOKMARK [1][-]{section.13}{\376\377\000O\000u\000t\000p\000u\000t\000\040\000a\000n\000d\000\040\000D\000i\000a\000g\000n\000o\000s\000t\000i\000c\000s}{}% 143
\BOOKMARK [2][-]{subsection.13.1}{\376\377\000A\000v\000a\000i\000l\000a\000b\000l\000e\000\040\000D\000i\000a\000g\000n\000o\000s\000t\000i\000c\000\040\000F\000i\000e\000l\000d\000s}{section.13}% 144
\BOOKMARK [2][-]{subsection.13.2}{\376\377\000D\000i\000a\000g\000n\000o\000s\000t\000i\000c\000s\000\040\000R\000e\000g\000i\000s\000t\000r\000a\000t\000i\000o\000n}{section.13}% 145
\BOOKMARK [1][-]{section.14}{\376\377\000I\000D\000E\000M\000I\000X\000\040\000E\000x\000t\000e\000n\000s\000i\000o\000n\000\040\000\050\000O\000p\000t\000i\000o\000n\000a\000l\000\051}{}% 146
\BOOKMARK [2][-]{subsection.14.1}{\376\377\000O\000v\000e\000r\000v\000i\000e\000w\000\040\000o\000f\000\040\000I\000n\000t\000e\000r\000n\000a\000l\000\040\000W\000a\000v\000e\000\040\000M\000o\000d\000e\000l}{section.14}% 147
\BOOKMARK [2][-]{subsection.14.2}{\376\377\000C\000o\000u\000p\000l\000i\000n\000g\000\040\000t\000o\000\040\000G\000G\000L\0009\0000}{section.14}% 148
\BOOKMARK [1][-]{section.15}{\376\377\000P\000a\000c\000k\000a\000g\000e\000\040\000V\000a\000l\000i\000d\000a\000t\000i\000o\000n\000:\000\040\000G\000G\000L\0009\0000\000\137\000C\000H\000E\000C\000K}{}% 149
\BOOKMARK [1][-]{section.16}{\376\377\000F\000r\000e\000q\000u\000e\000n\000t\000l\000y\000\040\000E\000n\000c\000o\000u\000n\000t\000e\000r\000e\000d\000\040\000I\000s\000s\000u\000e\000s}{}% 150
\BOOKMARK [2][-]{subsection.16.1}{\376\377\000P\000a\000r\000a\000m\000e\000t\000e\000r\000\040\000T\000u\000n\000i\000n\000g\000\040\000G\000u\000i\000d\000a\000n\000c\000e}{section.16}% 151
\BOOKMARK [2][-]{subsection.16.2}{\376\377\000C\000o\000m\000m\000o\000n\000\040\000M\000i\000s\000t\000a\000k\000e\000s\000\040\000a\000n\000d\000\040\000S\000o\000l\000u\000t\000i\000o\000n\000s}{section.16}% 152
\BOOKMARK [2][-]{subsection.16.3}{\376\377\000P\000e\000r\000f\000o\000r\000m\000a\000n\000c\000e\000\040\000C\000o\000n\000s\000i\000d\000e\000r\000a\000t\000i\000o\000n\000s}{section.16}% 153
\BOOKMARK [1][-]{section.17}{\376\377\000C\000o\000n\000c\000l\000u\000s\000i\000o\000n\000s}{}% 154
\BOOKMARK [1][-]{appendix.A}{\376\377\000E\000C\000C\000O\000v\0004\000\040\000C\000o\000n\000f\000i\000g\000u\000r\000a\000t\000i\000o\000n}{}% 155
\BOOKMARK [2][-]{subsection.A.1}{\376\377\000O\000v\000e\000r\000v\000i\000e\000w\000:\000\040\000E\000C\000C\000O\000v\0004\000\040\000a\000n\000d\000\040\000G\000G\000L\0009\0000}{appendix.A}% 156
\BOOKMARK [2][-]{subsection.A.2}{\376\377\000E\000C\000C\000O\000v\0004\000\040\000P\000a\000r\000a\000m\000e\000t\000e\000r\000\040\000C\000h\000o\000i\000c\000e\000s}{appendix.A}% 157
\BOOKMARK [2][-]{subsection.A.3}{\376\377\000P\000h\000y\000s\000i\000c\000a\000l\000\040\000R\000a\000t\000i\000o\000n\000a\000l\000e\000\040\000f\000o\000r\000\040\000E\000C\000C\000O\000v\0004\000\040\000S\000e\000t\000t\000i\000n\000g\000s}{appendix.A}% 158
\BOOKMARK [3][-]{subsubsection.A.3.1}{\376\377\000G\000G\000L\0009\0000\000a\000l\000p\000h\000a\000\040\000=\000\040\0003\0000\000.\0000\000\040\000\050\000T\000u\000r\000b\000u\000l\000e\000n\000t\000\040\000P\000r\000a\000n\000d\000t\000l\000\040\000N\000u\000m\000b\000e\000r\000\051}{subsection.A.3}% 159
\BOOKMARK [3][-]{subsubsection.A.3.2}{\376\377\000G\000G\000L\0009\0000\000T\000K\000E\000m\000i\000n\000\040\000=\000\040\0001\0000\000-\0007\000\040\000m\0002\000/\000s\0002\000\040\000\050\000B\000a\000c\000k\000g\000r\000o\000u\000n\000d\000\040\000T\000K\000E\000\051}{subsection.A.3}% 160
\BOOKMARK [3][-]{subsubsection.A.3.3}{\376\377\000G\000G\000L\0009\0000\000T\000K\000E\000b\000o\000t\000t\000o\000m\000\040\000=\000\040\0001\0000\000-\0006\000\040\000m\0002\000/\000s\0002\000\040\000\050\000B\000o\000t\000t\000o\000m\000\040\000T\000K\000E\000\051}{subsection.A.3}% 161
\BOOKMARK [3][-]{subsubsection.A.3.4}{\376\377\000m\000x\000l\000M\000a\000x\000F\000l\000a\000g\000\040\000=\000\040\0002\000\040\000\050\000T\000w\000o\000-\000W\000a\000y\000\040\000S\000w\000e\000e\000p\000\051}{subsection.A.3}% 162
\BOOKMARK [3][-]{subsubsection.A.3.5}{\376\377\000m\000x\000l\000S\000u\000r\000f\000F\000l\000a\000g\000\040\000=\000\040\000.\000T\000R\000U\000E\000.\000\040\000\050\000S\000u\000r\000f\000a\000c\000e\000\040\000M\000i\000x\000i\000n\000g\000\040\000L\000e\000n\000g\000t\000h\000\040\000E\000n\000f\000o\000r\000c\000e\000m\000e\000n\000t\000\051}{subsection.A.3}% 163
\BOOKMARK [2][-]{subsection.A.4}{\376\377\000C\000o\000m\000p\000l\000e\000t\000e\000\040\000E\000C\000C\000O\000v\0004\000\040\000d\000a\000t\000a\000.\000g\000g\000l\0009\0000\000\040\000F\000i\000l\000e}{appendix.A}% 164
\BOOKMARK [2][-]{subsection.A.5}{\376\377\000P\000e\000r\000f\000o\000r\000m\000a\000n\000c\000e\000\040\000C\000h\000a\000r\000a\000c\000t\000e\000r\000i\000s\000t\000i\000c\000s}{appendix.A}% 165
\BOOKMARK [2][-]{subsection.A.6}{\376\377\000W\000h\000e\000n\000\040\000t\000o\000\040\000U\000s\000e\000\040\000E\000C\000C\000O\000v\0004\000\040\000S\000e\000t\000t\000i\000n\000g\000s\000\040\000v\000s\000.\000\040\000D\000e\000f\000a\000u\000l\000t\000s}{appendix.A}% 166
\BOOKMARK [1][-]{appendix.B}{\376\377\000A\000d\000j\000o\000i\000n\000t\000\040\000M\000o\000d\000e\000l\000\040\000C\000o\000n\000s\000i\000d\000e\000r\000a\000t\000i\000o\000n\000s}{}% 167
\BOOKMARK [2][-]{subsection.B.1}{\376\377\000O\000v\000e\000r\000v\000i\000e\000w\000:\000\040\000G\000G\000L\0009\0000\000\040\000i\000n\000\040\000A\000d\000j\000o\000i\000n\000t\000\040\000M\000o\000d\000e}{appendix.B}% 168
\BOOKMARK [2][-]{subsection.B.2}{\376\377\000A\000d\000j\000o\000i\000n\000t\000-\000S\000p\000e\000c\000i\000f\000i\000c\000\040\000P\000a\000r\000a\000m\000e\000t\000e\000r\000s}{appendix.B}% 169
\BOOKMARK [3][-]{subsubsection.B.2.1}{\376\377\000a\000d\000M\000x\000l\000M\000a\000x\000F\000l\000a\000g\000:\000\040\000A\000l\000t\000e\000r\000n\000a\000t\000i\000v\000e\000\040\000M\000i\000x\000i\000n\000g\000\040\000L\000e\000n\000g\000t\000h\000\040\000M\000e\000t\000h\000o\000d\000\040\000f\000o\000r\000\040\000A\000d\000j\000o\000i\000n\000t}{subsection.B.2}% 170
\BOOKMARK [2][-]{subsection.B.3}{\376\377\000A\000d\000j\000o\000i\000n\000t\000-\000S\000p\000e\000c\000i\000f\000i\000c\000\040\000C\000P\000P\000\040\000F\000l\000a\000g\000s}{appendix.B}% 171
\BOOKMARK [3][-]{subsubsection.B.3.1}{\376\377\000G\000G\000L\0009\0000\000\137\000R\000E\000G\000U\000L\000A\000R\000I\000Z\000E\000\137\000M\000I\000X\000I\000N\000G\000L\000E\000N\000G\000T\000H}{subsection.B.3}% 172
\BOOKMARK [3][-]{subsubsection.B.3.2}{\376\377\000G\000G\000L\0009\0000\000\137\000I\000D\000E\000M\000I\000X\000\137\000D\000I\000A\000G\000\137\000M\000I\000S\000T\000A\000K\000E\000\137\000F\000I\000X\000E\000D}{subsection.B.3}% 173
\BOOKMARK [2][-]{subsection.B.4}{\376\377\000G\000G\000L\0009\0000\000\040\000v\000s\000.\000\040\000K\000P\000P\000:\000\040\000A\000d\000j\000o\000i\000n\000t\000\040\000C\000o\000m\000p\000l\000e\000x\000i\000t\000y\000\040\000C\000o\000m\000p\000a\000r\000i\000s\000o\000n}{appendix.B}% 174
\BOOKMARK [2][-]{subsection.B.5}{\376\377\000S\000m\000o\000o\000t\000h\000i\000n\000g\000\040\000O\000p\000t\000i\000o\000n\000s\000\040\000f\000o\000r\000\040\000A\000d\000j\000o\000i\000n\000t\000\040\000S\000t\000a\000b\000i\000l\000i\000t\000y}{appendix.B}% 175
\BOOKMARK [3][-]{subsubsection.B.5.1}{\376\377\000A\000L\000L\000O\000W\000\137\000G\000G\000L\0009\0000\000\137\000S\000M\000O\000O\000T\000H\000\040\000\050\000C\000o\000m\000p\000i\000l\000e\000-\000T\000i\000m\000e\000\040\000F\000l\000a\000g\000\051}{subsection.B.5}% 176
\BOOKMARK [2][-]{subsection.B.6}{\376\377\000T\000u\000n\000i\000n\000g\000\040\000R\000e\000c\000o\000m\000m\000e\000n\000d\000a\000t\000i\000o\000n\000s\000\040\000f\000o\000r\000\040\000A\000d\000j\000o\000i\000n\000t\000\040\000R\000u\000n\000s}{appendix.B}% 177
\BOOKMARK [2][-]{subsection.B.7}{\376\377\000K\000n\000o\000w\000n\000\040\000I\000s\000s\000u\000e\000s\000\040\000a\000n\000d\000\040\000W\000o\000r\000k\000a\000r\000o\000u\000n\000d\000s}{appendix.B}% 178
\BOOKMARK [3][-]{subsubsection.B.7.1}{\376\377\000I\000s\000s\000u\000e\000\040\0001\000:\000\040\000G\000r\000a\000d\000i\000e\000n\000t\000\040\000N\000o\000i\000s\000e\000\040\000i\000n\000\040\000D\000e\000e\000p\000\040\000C\000o\000n\000v\000e\000c\000t\000i\000o\000n\000\040\000R\000e\000g\000i\000o\000n\000s}{subsection.B.7}% 179
\BOOKMARK [3][-]{subsubsection.B.7.2}{\376\377\000I\000s\000s\000u\000e\000\040\0002\000:\000\040\000A\000d\000j\000o\000i\000n\000t\000\040\000M\000e\000m\000o\000r\000y\000\040\000R\000e\000q\000u\000i\000r\000e\000m\000e\000n\000t\000s}{subsection.B.7}% 180
\BOOKMARK [3][-]{subsubsection.B.7.3}{\376\377\000I\000s\000s\000u\000e\000\040\0003\000:\000\040\000D\000i\000v\000e\000r\000g\000e\000n\000c\000e\000\040\000i\000n\000\040\000L\000o\000n\000g\000\040\000A\000d\000j\000o\000i\000n\000t\000\040\000I\000n\000t\000e\000g\000r\000a\000t\000i\000o\000n\000s}{subsection.B.7}% 181
\BOOKMARK [2][-]{subsection.B.8}{\376\377\000R\000e\000f\000e\000r\000e\000n\000c\000e\000s\000\040\000f\000o\000r\000\040\000A\000d\000j\000o\000i\000n\000t\000\040\000M\000o\000d\000e\000l\000i\000n\000g}{appendix.B}% 182
\BOOKMARK [1][-]{appendix.C}{\376\377\000G\000l\000o\000s\000s\000a\000r\000y\000\040\000o\000f\000\040\000F\000r\000e\000q\000u\000e\000n\000t\000l\000y\000\040\000U\000s\000e\000d\000\040\000S\000y\000m\000b\000o\000l\000s}{}% 183
\BOOKMARK [1][-]{appendix.D}{\376\377\000C\000o\000m\000p\000l\000e\000t\000e\000\040\000I\000n\000p\000u\000t\000/\000O\000u\000t\000p\000u\000t\000\040\000M\000a\000p\000p\000i\000n\000g}{}% 184
\BOOKMARK [2][-]{subsection.D.1}{\376\377\000E\000x\000t\000e\000r\000n\000a\000l\000\040\000I\000n\000p\000u\000t\000s\000\040\000f\000r\000o\000m\000\040\000M\000a\000i\000n\000\040\000M\000o\000d\000e\000l}{appendix.D}% 185
\BOOKMARK [2][-]{subsection.D.2}{\376\377\000P\000a\000c\000k\000a\000g\000e\000\040\000O\000u\000t\000p\000u\000t\000s\000\040\000t\000o\000\040\000M\000a\000i\000n\000\040\000M\000o\000d\000e\000l}{appendix.D}% 186
\BOOKMARK [2][-]{subsection.D.3}{\376\377\000I\000n\000t\000e\000r\000n\000a\000l\000\040\000P\000r\000o\000g\000n\000o\000s\000t\000i\000c\000\040\000S\000t\000a\000t\000e}{appendix.D}% 187
\BOOKMARK [2][-]{subsection.D.4}{\376\377\000D\000a\000t\000a\000\040\000F\000l\000o\000w\000\040\000D\000i\000a\000g\000r\000a\000m}{appendix.D}% 188
