==========================================
Compiling MITgcm (NO RUN)
==========================================
  Experiment: lab_sea
  Arch:       arm64
  MPI:        false
  Make jobs:  -j 12
==========================================

Mounting directories:
  Build:  lab_sea/build_docker/
  Output: lab_sea/output_docker/

==> Compiling experiment with -j 12...
==> Compilation successful!

==> Copying build files...
✓ Binary saved to build_docker/mitgcmuv
✓ Binary saved to output_docker/mitgcmuv

Copied 932 build files

==> Complete!

==========================================
Compilation Complete!
==========================================

Build directory: /Users/ifenty/git_repo_others/MITgcm/verification/lab_sea/build_docker
-rwxr-xr-x  1 ifenty  staff   3.5M Aug 19 09:38 /Users/ifenty/git_repo_others/MITgcm/verification/lab_sea/build_docker/mitgcmuv

Binary also copied to: /Users/ifenty/git_repo_others/MITgcm/verification/lab_sea/output_docker/mitgcmuv
-rwxr-xr-x  1 ifenty  staff   3.5M Aug 19 09:38 /Users/ifenty/git_repo_others/MITgcm/verification/lab_sea/output_docker/mitgcmuv

Build files: 932 files

Next step: Run the model with
  ./experiment_run_no_compile.sh lab_sea

